============================= test session starts =============================
platform win32 -- Python 3.14.0, pytest-9.0.3, pluggy-1.6.0 -- C:\Python314\python.exe
cachedir: .pytest_cache
rootdir: D:\AI Projects\AI Stem Agent
plugins: anyio-4.12.1, mock-3.15.1
collecting ... collected 1 item

tests/test_discovery.py::test_result_is_cached_to_disk PASSED

============================== 1 passed in 1.56s ==============================
